Microchip MPLAB XC8 Compiler V2.40

Linker command line:

-W-3 \
  --edf=C:\Program Files\Microchip\xc8\v2.40\pic\dat\20220703182018_en.msgs \
  -cn -h+dist/default/production\Counter_LCD.X.production.sym \
  --cmf=dist/default/production\Counter_LCD.X.production.cmf -z -Q18F4520 \
  -oC:\Users\profb\AppData\Local\Temp\xcAs6jc.4 --defsym=__MPLAB_BUILD=1 \
  --fixupoverflow=error \
  -Mdist/default/production/Counter_LCD.X.production.map \
  --md=C:\Users\profb\AppData\Local\Temp\xcAs6jc.dat -E1 -ver=XC8 Compiler \
  --acfsm=1493 -ACODE=00h-07FFFh -ACONST=00h-07FFFh \
  -ASMALLCONST=0600h-06FFhx122 -AMEDIUMCONST=0600h-07FFFh -ACOMRAM=01h-07Fh \
  -AABS1=00h-05FFh -ABIGRAM=01h-05FFh -ARAM=080h-0FFh,0100h-01FFhx5 \
  -ABANK0=080h-0FFh -ABANK1=0100h-01FFh -ABANK2=0200h-02FFh \
  -ABANK3=0300h-03FFh -ABANK4=0400h-04FFh -ABANK5=0500h-05FFh \
  -ASFR=0F80h-0FFFh -ABIGSFR=0F80h-0FFFh -ACONFIG=0300000h-030000Dh \
  -AIDLOC=0200000h-0200007h -AEEDATA=0F00000h-0F000FFh -peeprom_data=EEDATA \
  -preset_vec=00h,intcode,intcodelo,powerup,init -pramtop=0600h \
  -psmallconst=SMALLCONST -pmediumconst=MEDIUMCONST -pconst=CONST \
  -AFARRAM=00h-00h \
  -prdata=COMRAM,nvrram=COMRAM,nvbit=COMRAM,rbss=COMRAM,rbit=COMRAM \
  -pfarbss=FARRAM,fardata=FARRAM,nvFARRAM=FARRAM \
  -pintsave_regs=BIGRAM,bigbss=BIGRAM,bigdata=BIGRAM -pbss=RAM \
  -pidata=CODE,irdata=CODE,ibigdata=CODE,ifardata=CODE -prparam=COMRAM \
  C:\Users\profb\AppData\Local\Temp\xcAs6jc.o \
  dist/default/production\Counter_LCD.X.production.o 

Object code version is 3.11

Machine type is 18F4520



                Name                               Link     Load   Length Selector   Space Scale
C:\Users\profb\AppData\Local\Temp\xcAs6jc.o
                idloc                            200000   200000        8        0       5
                config                           300000   300000        E        0       4
                init                                  0        0        4        0       0
dist/default/production\Counter_LCD.X.production.o
                idloc                            200000   200000        8        0       5
                config                           300000   300000        E        0       4
                smallconst                          600      600       3A      300       0
                text22                             1654     1654        A      31D       0
                text21                             164A     164A        A      31D       0
                text20                             160C     160C       20      31D       0
                text19                              FBE      FBE       E4      31D       0
                text18                             1394     1394       9E      31D       0
                text17                             162C     162C       1E      31D       0
                text16                             12F4     12F4       A0      31D       0
                text15                             15C4     15C4       26      31D       0
                text14                             1598     1598       2C      31D       0
                text13                             14CE     14CE       46      31D       0
                text12                              E74      E74      14A      31D       0
                text11                              B88      B88      188      31D       0
                text10                              D10      D10      164      31D       0
                text9                              1558     1558       40      31D       0
                text8                              165E     165E        2      31D       0
                text7                              1180     1180       CA      31D       0
                text6                              1514     1514       44      31D       0
                text5                              124A     124A       AA      31D       0
                text4                               63A      63A      2B4      31D       0
                text3                               8EE      8EE      29A      31D       0
                text2                              1480     1480       4E      31D       0
                text1                              1432     1432       4E      31D       0
                text0                              10A2     10A2       DE      31D       0
                cstackCOMRAM                          1        1       70        1       1
                bssBANK0                             80       80       30       80       1
                bssCOMRAM                            71       71        7        1       1
                cinit                              15EA     15EA       22      31D       0

TOTAL           Name                               Link     Load   Length     Space
        CLASS   CODE           
                init                                  0        0        4         0
                text22                             1654     1654        A         0
                text21                             164A     164A        A         0
                text20                             160C     160C       20         0
                text19                              FBE      FBE       E4         0
                text18                             1394     1394       9E         0
                text17                             162C     162C       1E         0
                text16                             12F4     12F4       A0         0
                text15                             15C4     15C4       26         0
                text14                             1598     1598       2C         0
                text13                             14CE     14CE       46         0
                text12                              E74      E74      14A         0
                text11                              B88      B88      188         0
                text10                              D10      D10      164         0
                text9                              1558     1558       40         0
                text8                              165E     165E        2         0
                text7                              1180     1180       CA         0
                text6                              1514     1514       44         0
                text5                              124A     124A       AA         0
                text4                               63A      63A      2B4         0
                text3                               8EE      8EE      29A         0
                text2                              1480     1480       4E         0
                text1                              1432     1432       4E         0
                text0                              10A2     10A2       DE         0
                cinit                              15EA     15EA       22         0

        CLASS   CONST          

        CLASS   SMALLCONST     
                smallconst                          600      600       3A         0

        CLASS   MEDIUMCONST    

        CLASS   COMRAM         
                cstackCOMRAM                          1        1       70         1
                bssCOMRAM                            71       71        7         1

        CLASS   ABS1           

        CLASS   BIGRAM         

        CLASS   RAM            

        CLASS   BANK0          
                bssBANK0                             80       80       30         1

        CLASS   BANK1          

        CLASS   BANK2          

        CLASS   BANK3          

        CLASS   BANK4          

        CLASS   BANK5          

        CLASS   SFR            

        CLASS   BIGSFR         

        CLASS   CONFIG         
                config                           300000   300000        E         4

        CLASS   IDLOC          
                idloc                            200000   200000        8         5

        CLASS   EEDATA         

        CLASS   FARRAM         

        CLASS   HEAP           

        CLASS   STACK          



SEGMENTS        Name                           Load    Length   Top    Selector   Space  Class

                reset_vec                      000000  000004  000004         0       0  CODE    
                cstackCOMRAM                   000001  000077  000078         1       1  COMRAM  
                bssBANK0                       000080  000030  0000B0        80       1  BANK0   
                smallconst                     000600  00003A  00063A       300       0  SMALLCON
                text4                          00063A  001026  001660       31D       0  CODE    


UNUSED ADDRESS RANGES

        Name                Unused          Largest block    Delta
        BANK0            0000B0-0000FF               50
        BANK1            000100-0001FF              100
        BANK2            000200-0002FF              100
        BANK3            000300-0003FF              100
        BANK4            000400-0004FF              100
        BANK5            000500-0005FF              100
        BIGRAM           000078-00007F                8
                         0000B0-0005FF              550
        BIGSFR           000F80-000FFF               80
        CODE             000004-0005FF              5FC
                         001660-007FFF             69A0
        COMRAM           000078-00007F                8
        CONST            000004-0005FF              5FC
                         001660-007FFF             69A0
        EEDATA           F00000-F000FF              100
        MEDIUMCONST      001660-007FFF             69A0
        RAM              0000B0-0005FF              100
        SFR              000F80-000FFF               80
        SMALLCONST       001660-007FFF              100

                                  Symbol Table

?___aodiv                cstackCOMRAM 000001
?___aomod                cstackCOMRAM 000001
?___wmul                 cstackCOMRAM 000001
?_abs                    cstackCOMRAM 000013
?_atoi                   cstackCOMRAM 000007
?_isdigit                cstackCOMRAM 000001
?_isspace                cstackCOMRAM 000001
?_sprintf                cstackCOMRAM 00005C
?_vfprintf               cstackCOMRAM 000054
_ADCON1                  (abs)        000FC1
_OSCCON                  (abs)        000FD3
_OSCTUNE                 (abs)        000F9B
_PORTBbits               (abs)        000F81
_PORTD                   (abs)        000F83
_PORTDbits               (abs)        000F83
_PORTEbits               (abs)        000F84
_TRISB                   (abs)        000F93
_TRISD                   (abs)        000F95
_TRISEbits               (abs)        000F96
__HRAM                   (abs)        000000
__Habs1                  abs1         000000
__Hbank0                 bank0        000000
__Hbank1                 bank1        000000
__Hbank2                 bank2        000000
__Hbank3                 bank3        000000
__Hbank4                 bank4        000000
__Hbank5                 bank5        000000
__Hbigbss                bigbss       000000
__Hbigdata               bigdata      000000
__Hbigram                bigram       000000
__Hbigsfr                bigsfr       000000
__Hbss                   bss          000000
__HbssBANK0              bssBANK0     000000
__HbssCOMRAM             bssCOMRAM    000000
__Hcinit                 cinit        000000
__Hclrtext               clrtext      000000
__Hcomram                comram       000000
__Hconfig                config       30000E
__Hconst                 const        000000
__HcstackCOMRAM          cstackCOMRAM 000000
__Hdata                  data         000000
__Heeprom_data           eeprom_data  000000
__Hfarbss                farbss       000000
__Hfardata               fardata      000000
__Hheap                  heap         000000
__Hibigdata              ibigdata     000000
__Hidata                 idata        000000
__Hidloc                 idloc        200008
__Hifardata              ifardata     000000
__Hinit                  init         000004
__Hintcode               intcode      000000
__Hintcode_body          intcode_body 000000
__Hintcodelo             intcodelo    000000
__Hintentry              intentry     000000
__Hintret                intret       000000
__Hintsave_regs          intsave_regs 000000
__Hirdata                irdata       000000
__Hmediumconst           mediumconst  000000
__HnvFARRAM              nvFARRAM     000000
__Hnvbit                 nvbit        000000
__Hnvrram                nvrram       000000
__Hparam                 rparam       000000
__Hpowerup               powerup      000000
__Hram                   ram          000000
__Hramtop                ramtop       000600
__Hrbit                  rbit         000000
__Hrbss                  rbss         000000
__Hrdata                 rdata        000000
__Hreset_vec             reset_vec    000000
__Hrparam                rparam       000000
__Hsfr                   sfr          000000
__Hsmallconst            smallconst   00063A
__Hspace_0               (abs)        001660
__Hspace_1               (abs)        0000B0
__Hspace_2               (abs)        000000
__Hspace_4               (abs)        60000E
__Hstack                 stack        000000
__Hstruct                struct       000000
__Htemp                  temp         000000
__Htext                  text         000000
__Htext0                 text0        000000
__Htext1                 text1        000000
__Htext10                text10       000000
__Htext11                text11       000000
__Htext12                text12       000000
__Htext13                text13       000000
__Htext14                text14       000000
__Htext15                text15       000000
__Htext16                text16       000000
__Htext17                text17       000000
__Htext18                text18       000000
__Htext19                text19       000000
__Htext2                 text2        000000
__Htext20                text20       000000
__Htext21                text21       000000
__Htext22                text22       000000
__Htext3                 text3        000000
__Htext4                 text4        000000
__Htext5                 text5        000000
__Htext6                 text6        000000
__Htext7                 text7        000000
__Htext8                 text8        000000
__Htext9                 text9        000000
__LRAM                   (abs)        000001
__Labs1                  abs1         000000
__Lbank0                 bank0        000000
__Lbank1                 bank1        000000
__Lbank2                 bank2        000000
__Lbank3                 bank3        000000
__Lbank4                 bank4        000000
__Lbank5                 bank5        000000
__Lbigbss                bigbss       000000
__Lbigdata               bigdata      000000
__Lbigram                bigram       000000
__Lbigsfr                bigsfr       000000
__Lbss                   bss          000000
__LbssBANK0              bssBANK0     000000
__LbssCOMRAM             bssCOMRAM    000000
__Lcinit                 cinit        000000
__Lclrtext               clrtext      000000
__Lcomram                comram       000000
__Lconfig                config       000000
__Lconst                 const        000000
__LcstackCOMRAM          cstackCOMRAM 000000
__Ldata                  data         000000
__Leeprom_data           eeprom_data  000000
__Lfarbss                farbss       000000
__Lfardata               fardata      000000
__Lheap                  heap         000000
__Libigdata              ibigdata     000000
__Lidata                 idata        000000
__Lidloc                 idloc        000000
__Lifardata              ifardata     000000
__Linit                  init         000000
__Lintcode               intcode      000000
__Lintcode_body          intcode_body 000000
__Lintcodelo             intcodelo    000000
__Lintentry              intentry     000000
__Lintret                intret       000000
__Lintsave_regs          intsave_regs 000000
__Lirdata                irdata       000000
__Lmediumconst           mediumconst  000000
__LnvFARRAM              nvFARRAM     000000
__Lnvbit                 nvbit        000000
__Lnvrram                nvrram       000000
__Lparam                 rparam       000000
__Lpowerup               powerup      000000
__Lram                   ram          000000
__Lramtop                ramtop       000600
__Lrbit                  rbit         000000
__Lrbss                  rbss         000000
__Lrdata                 rdata        000000
__Lreset_vec             reset_vec    000000
__Lrparam                rparam       000000
__Lsfr                   sfr          000000
__Lsmallconst            smallconst   000600
__Lspace_0               (abs)        000000
__Lspace_1               (abs)        000000
__Lspace_2               (abs)        000000
__Lspace_4               (abs)        000000
__Lstack                 stack        000000
__Lstruct                struct       000000
__Ltemp                  temp         000000
__Ltext                  text         000000
__Ltext0                 text0        000000
__Ltext1                 text1        000000
__Ltext10                text10       000000
__Ltext11                text11       000000
__Ltext12                text12       000000
__Ltext13                text13       000000
__Ltext14                text14       000000
__Ltext15                text15       000000
__Ltext16                text16       000000
__Ltext17                text17       000000
__Ltext18                text18       000000
__Ltext19                text19       000000
__Ltext2                 text2        000000
__Ltext20                text20       000000
__Ltext21                text21       000000
__Ltext22                text22       000000
__Ltext3                 text3        000000
__Ltext4                 text4        000000
__Ltext5                 text5        000000
__Ltext6                 text6        000000
__Ltext7                 text7        000000
__Ltext8                 text8        000000
__Ltext9                 text9        000000
__S0                     (abs)        001660
__S1                     (abs)        0000B0
__S4                     (abs)        000000
__S5                     (abs)        000000
___aodiv                 text11       000B88
___aodiv@counter         cstackCOMRAM 000011
___aodiv@dividend        cstackCOMRAM 000001
___aodiv@divisor         cstackCOMRAM 000009
___aodiv@quotient        cstackCOMRAM 000013
___aodiv@sign            cstackCOMRAM 000012
___aomod                 text10       000D10
___aomod@counter         cstackCOMRAM 000011
___aomod@dividend        cstackCOMRAM 000001
___aomod@divisor         cstackCOMRAM 000009
___aomod@sign            cstackCOMRAM 000012
___heap_hi               (abs)        000000
___heap_lo               (abs)        000000
___inthi_sp              stack        000000
___intlo_sp              stack        000000
___param_bank            (abs)        000000
___rparam_used           (abs)        000001
___sp                    stack        000000
___wmul                  text15       0015C4
___wmul@multiplicand     cstackCOMRAM 000003
___wmul@multiplier       cstackCOMRAM 000001
___wmul@product          cstackCOMRAM 000005
__accesstop              (abs)        000080
__activetblptr           (abs)        000002
__end_of___aodiv         text11       000D10
__end_of___aomod         text10       000E74
__end_of___wmul          text15       0015EA
__end_of__initialization cinit        001602
__end_of_abs             text9        001598
__end_of_atoi            text12       000FBE
__end_of_config_FOSC     text22       00165E
__end_of_config_IO       text21       001654
__end_of_dtoa            text4        0008EE
__end_of_fputc           text7        00124A
__end_of_fputs           text6        001558
__end_of_isdigit         text14       0015C4
__end_of_isspace         text13       001514
__end_of_lcd_cmd         text19       0010A2
__end_of_lcd_init        text18       001432
__end_of_lcd_send_byte   text17       00164A
__end_of_lcd_write       text16       001394
__end_of_main            text0        001180
__end_of_pad             text5        0012F4
__end_of_putch           text8        001660
__end_of_set_bit         text20       00162C
__end_of_sprintf         text1        001480
__end_of_vfpfcnvrt       text3        000B88
__end_of_vfprintf        text2        0014CE
__initialization         cinit        0015EA
__mediumconst            mediumconst  000000
__pbssBANK0              bssBANK0     000080
__pbssCOMRAM             bssCOMRAM    000071
__pcinit                 cinit        0015EA
__pcstackCOMRAM          cstackCOMRAM 000001
__psmallconst            smallconst   000600
__ptext0                 text0        0010A2
__ptext1                 text1        001432
__ptext10                text10       000D10
__ptext11                text11       000B88
__ptext12                text12       000E74
__ptext13                text13       0014CE
__ptext14                text14       001598
__ptext15                text15       0015C4
__ptext16                text16       0012F4
__ptext17                text17       00162C
__ptext18                text18       001394
__ptext19                text19       000FBE
__ptext2                 text2        001480
__ptext20                text20       00160C
__ptext21                text21       00164A
__ptext22                text22       001654
__ptext3                 text3        0008EE
__ptext4                 text4        00063A
__ptext5                 text5        00124A
__ptext6                 text6        001514
__ptext7                 text7        001180
__ptext8                 text8        00165E
__ptext9                 text9        001558
__ramtop                 ramtop       000600
__smallconst             smallconst   000600
_abs                     text9        001558
_atoi                    text12       000E74
_bufferLCD               bssBANK0     0000A0
_config_FOSC             text22       001654
_config_IO               text21       00164A
_counter                 bssCOMRAM    000075
_dbuf                    bssBANK0     000080
_dtoa                    text4        00063A
_dtoa$904                cstackCOMRAM 00002E
_flags                   bssCOMRAM    000077
_fputc                   text7        001180
_fputs                   text6        001514
_isdigit                 text14       001598
_isspace                 text13       0014CE
_isspace$953             cstackCOMRAM 000005
_lcd_cmd                 text19       000FBE
_lcd_init                text18       001394
_lcd_send_byte           text17       00162C
_lcd_write               text16       0012F4
_main                    text0        0010A2
_pad                     text5        00124A
_prec                    bssCOMRAM    000073
_putch                   text8        00165E
_set_bit                 text20       00160C
_sprintf                 text1        001432
_vfpfcnvrt               text3        0008EE
_vfprintf                text2        001480
_width                   bssCOMRAM    000071
abs@a                    cstackCOMRAM 000013
atoi@n                   cstackCOMRAM 00000E
atoi@neg                 cstackCOMRAM 00000C
atoi@s                   cstackCOMRAM 000007
dtoa@d                   cstackCOMRAM 00001E
dtoa@fp                  cstackCOMRAM 00001C
dtoa@i                   cstackCOMRAM 00003C
dtoa@n                   cstackCOMRAM 000034
dtoa@p                   cstackCOMRAM 000030
dtoa@s                   cstackCOMRAM 00003E
dtoa@w                   cstackCOMRAM 000032
end_of_initialization    cinit        001602
fputc@c                  cstackCOMRAM 000001
fputc@fp                 cstackCOMRAM 000003
fputs@c                  cstackCOMRAM 00000E
fputs@fp                 cstackCOMRAM 00000C
fputs@i                  cstackCOMRAM 00000F
fputs@s                  cstackCOMRAM 00000A
intlevel0                text         000000
intlevel1                text         000000
intlevel2                text         000000
intlevel3                text         000000
isa$std                  (abs)        000001
isa$xinst                (abs)        000000
isdigit@c                cstackCOMRAM 000001
isspace@c                cstackCOMRAM 000001
lcd_cmd@cmd              cstackCOMRAM 000004
lcd_init@i               cstackCOMRAM 000006
lcd_send_byte@data       cstackCOMRAM 000005
lcd_send_byte@level      cstackCOMRAM 000006
lcd_write@col            cstackCOMRAM 000007
lcd_write@end            cstackCOMRAM 00000A
lcd_write@lin            cstackCOMRAM 00000B
lcd_write@str            cstackCOMRAM 000008
pad@buf                  cstackCOMRAM 000013
pad@fp                   cstackCOMRAM 000011
pad@i                    cstackCOMRAM 000018
pad@p                    cstackCOMRAM 000015
pad@w                    cstackCOMRAM 00001A
set_bit@cmd              cstackCOMRAM 000002
set_bit@comp             cstackCOMRAM 000001
sprintf@ap               cstackCOMRAM 000062
sprintf@f                cstackCOMRAM 000064
sprintf@fmt              cstackCOMRAM 00005E
sprintf@s                cstackCOMRAM 00005C
stackhi                  (abs)        000000
stacklo                  (abs)        000000
start                    init         000000
start_initialization     cinit        0015EA
vfpfcnvrt@ap             cstackCOMRAM 000043
vfpfcnvrt@convarg        cstackCOMRAM 000048
vfpfcnvrt@cp             cstackCOMRAM 000052
vfpfcnvrt@done           cstackCOMRAM 000050
vfpfcnvrt@fmt            cstackCOMRAM 000041
vfpfcnvrt@fp             cstackCOMRAM 00003F
vfprintf@ap              cstackCOMRAM 000058
vfprintf@cfmt            cstackCOMRAM 00005A
vfprintf@fmt             cstackCOMRAM 000056
vfprintf@fp              cstackCOMRAM 000054


MODULE INFORMATION

Module		Function		Class		Link	Load	Size
C:\Program Files\Microchip\xc8\v2.40\pic\sources\c99\common\nf_fputc.c
		_fputc         		CODE           	1180	0000	202

C:\Program Files\Microchip\xc8\v2.40\pic\sources\c99\common\nf_fputc.c estimated size: 202

C:\Program Files\Microchip\xc8\v2.40\pic\sources\c99\common\nf_sprintf.c
		_sprintf       		CODE           	1432	0000	78

C:\Program Files\Microchip\xc8\v2.40\pic\sources\c99\common\nf_sprintf.c estimated size: 78

C:\Program Files\Microchip\xc8\v2.40\pic\sources\c99\common\isspace.c
		_isspace       		CODE           	14CE	0000	70

C:\Program Files\Microchip\xc8\v2.40\pic\sources\c99\common\isspace.c estimated size: 70

C:\Program Files\Microchip\xc8\v2.40\pic\sources\c99\common\atoi.c
		_atoi          		CODE           	0E74	0000	330

C:\Program Files\Microchip\xc8\v2.40\pic\sources\c99\common\atoi.c estimated size: 330

C:\Program Files\Microchip\xc8\v2.40\pic\sources\c99\common\Umul16.c
		___wmul        		CODE           	15C4	0000	38

C:\Program Files\Microchip\xc8\v2.40\pic\sources\c99\common\Umul16.c estimated size: 38

C:\Program Files\Microchip\xc8\v2.40\pic\sources\c99\common\abs.c
		_abs           		CODE           	1558	0000	64

C:\Program Files\Microchip\xc8\v2.40\pic\sources\c99\common\abs.c estimated size: 64

LCD4b_EXSTO.c
		_lcd_cmd       		CODE           	0FBE	0000	228
		_lcd_send_byte 		CODE           	162C	0000	30
		_set_bit       		CODE           	160C	0000	32
		_lcd_write     		CODE           	12F4	0000	160
		_lcd_init      		CODE           	1394	0000	158

LCD4b_EXSTO.c estimated size: 608

C:\Program Files\Microchip\xc8\v2.40\pic\sources\c99\common\isdigit.c
		_isdigit       		CODE           	1598	0000	44

C:\Program Files\Microchip\xc8\v2.40\pic\sources\c99\common\isdigit.c estimated size: 44

C:\Program Files\Microchip\xc8\v2.40\pic\sources\c99\common\nf_fputs.c
		_fputs         		CODE           	1514	0000	68

C:\Program Files\Microchip\xc8\v2.40\pic\sources\c99\common\nf_fputs.c estimated size: 68

C:\Program Files\Microchip\xc8\v2.40\pic\sources\c99\common\aomod.c
		___aomod       		CODE           	0D10	0000	356

C:\Program Files\Microchip\xc8\v2.40\pic\sources\c99\common\aomod.c estimated size: 356

shared
		__initialization		CODE           	15EA	0000	24

shared estimated size: 24

Main_counter.c
		_main          		CODE           	10A2	0000	222
		_config_IO     		CODE           	164A	0000	10
		_config_FOSC   		CODE           	1654	0000	10

Main_counter.c estimated size: 242

C:\Program Files\Microchip\xc8\v2.40\pic\sources\c99\common\putch.c
		_putch         		CODE           	165E	0000	2

C:\Program Files\Microchip\xc8\v2.40\pic\sources\c99\common\putch.c estimated size: 2

C:\Program Files\Microchip\xc8\v2.40\pic\sources\c99\common\doprnt.c
		_vfpfcnvrt     		CODE           	08EE	0000	666
		_pad           		CODE           	124A	0000	170
		_dtoa          		CODE           	063A	0000	692
		_vfprintf      		CODE           	1480	0000	78

C:\Program Files\Microchip\xc8\v2.40\pic\sources\c99\common\doprnt.c estimated size: 1606

C:\Program Files\Microchip\xc8\v2.40\pic\sources\c99\common\aodiv.c
		___aodiv       		CODE           	0B88	0000	392

C:\Program Files\Microchip\xc8\v2.40\pic\sources\c99\common\aodiv.c estimated size: 392

