Microchip MPLAB XC8 Compiler V2.36

Linker command line:

-W-3 --edf=C:\Program Files\Microchip\xc8\v2.36\pic\dat\en_msgs.txt -cn \
  -h+dist/default/production\LCD_Voltagem_meter.X.production.sym \
  --cmf=dist/default/production\LCD_Voltagem_meter.X.production.cmf -z \
  -Q18F4520 -oC:\Users\BRUNOM~1\AppData\Local\Temp\xcAseic.4 \
  --defsym=__MPLAB_BUILD=1 \
  -Mdist/default/production/LCD_Voltagem_meter.X.production.map \
  --md=C:\Users\BRUNOM~1\AppData\Local\Temp\xcAseic.dat -E1 \
  -ver=XC8 Compiler --acfsm=1493 -ACODE=00h-07FFFh -ACONST=00h-07FFFh \
  -ASMALLCONST=0600h-06FFhx122 -AMEDIUMCONST=0600h-07FFFh -ACOMRAM=01h-07Fh \
  -AABS1=00h-05FFh -ABIGRAM=01h-05FFh -ARAM=080h-0FFh,0100h-01FFhx5 \
  -ABANK0=080h-0FFh -ABANK1=0100h-01FFh -ABANK2=0200h-02FFh \
  -ABANK3=0300h-03FFh -ABANK4=0400h-04FFh -ABANK5=0500h-05FFh \
  -ASFR=0F80h-0FFFh -ABIGSFR=0F80h-0FFFh -ACONFIG=0300000h-030000Dh \
  -AIDLOC=0200000h-0200007h -AEEDATA=0F00000h-0F000FFh -peeprom_data=EEDATA \
  -preset_vec=00h,intcode,intcodelo,powerup,init -pramtop=0600h \
  -psmallconst=SMALLCONST -pmediumconst=MEDIUMCONST -pconst=CONST \
  -AFARRAM=00h-00h \
  -prdata=COMRAM,nvrram=COMRAM,nvbit=COMRAM,rbss=COMRAM,rbit=COMRAM \
  -pfarbss=FARRAM,fardata=FARRAM,nvFARRAM=FARRAM \
  -pintsave_regs=BIGRAM,bigbss=BIGRAM,bigdata=BIGRAM -pbss=RAM \
  -pidata=CODE,irdata=CODE,ibigdata=CODE,ifardata=CODE -prparam=COMRAM \
  C:\Users\BRUNOM~1\AppData\Local\Temp\xcAseic.o \
  dist/default/production\LCD_Voltagem_meter.X.production.o 

Object code version is 3.11

Machine type is 18F4520



                Name                               Link     Load   Length Selector   Space Scale
C:\Users\BRUNOM~1\AppData\Local\Temp\xcAseic.o
                idloc                            200000   200000        8        0       5
                config                           300000   300000        E        0       4
                init                                  0        0        4        0       0
dist/default/production\LCD_Voltagem_meter.X.production.o
                idloc                            200000   200000        8        0       5
                config                           300000   300000        E        0       4
                smallconst                          600      600       78      300       0
                text47                             4344     4344        E      33C       0
                text46                             435E     435E        A      33C       0
                text45                             4352     4352        C      33C       0
                text44                             1DBA     1DBA      42A      33C       0
                text43                             2D5C     2D5C      1B4      33C       0
                text42                             3E94     3E94       72      33C       0
                text41                             4306     4306       20      33C       0
                text40                             3764     3764       E4      33C       0
                text39                             4326     4326       1E      33C       0
                text38                             3CC8     3CC8       A0      33C       0
                text37                             42E0     42E0       26      33C       0
                text36                             4226     4226       38      33C       0
                text35                             4016     4016       52      33C       0
                text34                             31FC     31FC      156      33C       0
                text33                             2F10     2F10      188      33C       0
                text32                             3098     3098      164      33C       0
                text31                             4138     4138       40      33C       0
                text30                             4368     4368        2      33C       0
                text29                             391E     391E       CA      33C       0
                text28                             40F4     40F4       44      33C       0
                text27                             425E     425E       36      33C       0
                text26                             3AAC     3AAC       C2      33C       0
                text25                             286A     286A      2E0      33C       0
                text24                             39E8     39E8       C4      33C       0
                text23                             3B6E     3B6E       B0      33C       0
                text22                             21E4     21E4      39A      33C       0
                text21                             3C1E     3C1E       AA      33C       0
                text20                             3562     3562      104      33C       0
                text19                             41EE     41EE       38      33C       0
                text18                             18FA     18FA      4C0      33C       0
                text17                             40AE     40AE       46      33C       0
                text16                             345C     345C      106      33C       0
                text15                             3666     3666       FE      33C       0
                text14                             2B4A     2B4A      212      33C       0
                text13                             3F68     3F68       5C      33C       0
                text12                             41B6     41B6       38      33C       0
                text11                             4068     4068       46      33C       0
                text10                              678      678      BEA      33C       0
                text9                              3848     3848       D6      33C       0
                text8                              1262     1262      698      33C       0
                text7                              3F06     3F06       62      33C       0
                text6                              3FC4     3FC4       52      33C       0
                text5                              3352     3352      10A      33C       0
                text4                              3E06     3E06       8E      33C       0
                text3                              42BA     42BA       26      33C       0
                text2                              3D68     3D68       9E      33C       0
                text1                              257E     257E      2EC      33C       0
                text0                              4178     4178       3E      33C       0
                cstackCOMRAM                          1        1       7D        1       1
                cstackBANK0                          CC       CC       2D       80       1
                bssBANK1                            100      100       60      100       1
                bssBANK0                             80       80       4C       80       1
                bssCOMRAM                            7E       7E        2        1       1
                cinit                              4294     4294       26      33C       0

TOTAL           Name                               Link     Load   Length     Space
        CLASS   CODE           
                init                                  0        0        4         0
                text47                             4344     4344        E         0
                text46                             435E     435E        A         0
                text45                             4352     4352        C         0
                text44                             1DBA     1DBA      42A         0
                text43                             2D5C     2D5C      1B4         0
                text42                             3E94     3E94       72         0
                text41                             4306     4306       20         0
                text40                             3764     3764       E4         0
                text39                             4326     4326       1E         0
                text38                             3CC8     3CC8       A0         0
                text37                             42E0     42E0       26         0
                text36                             4226     4226       38         0
                text35                             4016     4016       52         0
                text34                             31FC     31FC      156         0
                text33                             2F10     2F10      188         0
                text32                             3098     3098      164         0
                text31                             4138     4138       40         0
                text30                             4368     4368        2         0
                text29                             391E     391E       CA         0
                text28                             40F4     40F4       44         0
                text27                             425E     425E       36         0
                text26                             3AAC     3AAC       C2         0
                text25                             286A     286A      2E0         0
                text24                             39E8     39E8       C4         0
                text23                             3B6E     3B6E       B0         0
                text22                             21E4     21E4      39A         0
                text21                             3C1E     3C1E       AA         0
                text20                             3562     3562      104         0
                text19                             41EE     41EE       38         0
                text18                             18FA     18FA      4C0         0
                text17                             40AE     40AE       46         0
                text16                             345C     345C      106         0
                text15                             3666     3666       FE         0
                text14                             2B4A     2B4A      212         0
                text13                             3F68     3F68       5C         0
                text12                             41B6     41B6       38         0
                text11                             4068     4068       46         0
                text10                              678      678      BEA         0
                text9                              3848     3848       D6         0
                text8                              1262     1262      698         0
                text7                              3F06     3F06       62         0
                text6                              3FC4     3FC4       52         0
                text5                              3352     3352      10A         0
                text4                              3E06     3E06       8E         0
                text3                              42BA     42BA       26         0
                text2                              3D68     3D68       9E         0
                text1                              257E     257E      2EC         0
                text0                              4178     4178       3E         0
                cinit                              4294     4294       26         0

        CLASS   CONST          

        CLASS   SMALLCONST     
                smallconst                          600      600       78         0

        CLASS   MEDIUMCONST    

        CLASS   COMRAM         
                cstackCOMRAM                          1        1       7D         1
                bssCOMRAM                            7E       7E        2         1

        CLASS   ABS1           

        CLASS   BIGRAM         

        CLASS   RAM            

        CLASS   BANK0          
                cstackBANK0                          CC       CC       2D         1
                bssBANK0                             80       80       4C         1

        CLASS   BANK1          
                bssBANK1                            100      100       60         1

        CLASS   BANK2          

        CLASS   BANK3          

        CLASS   BANK4          

        CLASS   BANK5          

        CLASS   SFR            

        CLASS   BIGSFR         

        CLASS   CONFIG         
                config                           300000   300000        E         4

        CLASS   IDLOC          
                idloc                            200000   200000        8         5

        CLASS   EEDATA         

        CLASS   FARRAM         

        CLASS   HEAP           

        CLASS   STACK          



SEGMENTS        Name                           Load    Length   Top    Selector   Space  Class

                reset_vec                      000000  000004  000004         0       0  CODE    
                cstackCOMRAM                   000001  00007F  000080         1       1  COMRAM  
                bssBANK0                       000080  000079  0000F9        80       1  BANK0   
                bssBANK1                       000100  000060  000160       100       1  BANK1   
                smallconst                     000600  000078  000678       300       0  SMALLCON
                text10                         000678  003CF2  00436A       33C       0  CODE    


UNUSED ADDRESS RANGES

        Name                Unused          Largest block    Delta
        BANK0            0000F9-0000FF                7
        BANK1            000160-0001FF               A0
        BANK2            000200-0002FF              100
        BANK3            000300-0003FF              100
        BANK4            000400-0004FF              100
        BANK5            000500-0005FF              100
        BIGRAM           0000F9-0000FF                7
                         000160-0005FF              4A0
        BIGSFR           000F80-000FFF               80
        CODE             000004-0005FF              5FC
                         00436A-007FFF             3C96
        CONST            000004-0005FF              5FC
                         00436A-007FFF             3C96
        EEDATA           F00000-F000FF              100
        MEDIUMCONST      00436A-007FFF             3C96
        RAM              0000F9-0000FF                7
                         000160-0005FF              100
        SFR              000F80-000FFF               80
        SMALLCONST       00436A-007FFF              100

                                  Symbol Table

?___aodiv                cstackCOMRAM 000001
?___aomod                cstackCOMRAM 000001
?___awdiv                cstackCOMRAM 000001
?___awmod                cstackCOMRAM 000001
?___fladd                cstackCOMRAM 000001
?___fldiv                cstackCOMRAM 000001
?___flmul                cstackCOMRAM 00000F
?___flneg                cstackCOMRAM 000001
?___flsub                cstackCOMRAM 000028
?___fltol                cstackCOMRAM 000001
?___fpclassifyf          cstackCOMRAM 000001
?___wmul                 cstackCOMRAM 000001
?___xxtofl               cstackCOMRAM 000001
?_abs                    cstackCOMRAM 000013
?_atoi                   cstackCOMRAM 000008
?_dtoa                   cstackCOMRAM 00001C
?_efgtoa                 cstackCOMRAM 000034
?_floorf                 cstackCOMRAM 00001A
?_isdigit                cstackCOMRAM 000001
?_isspace                cstackCOMRAM 000001
?_isupper                cstackCOMRAM 000001
?_pad                    cstackCOMRAM 000011
?_sprintf                cstackBANK0  0000E4
?_strlen                 cstackCOMRAM 000001
?_strncmp                cstackCOMRAM 000001
?_tolower                cstackCOMRAM 000007
?_vfpfcnvrt              cstackCOMRAM 000072
?_vfprintf               cstackBANK0  0000DE
_ADCON0                  (abs)        000FC2
_ADCON0bits              (abs)        000FC2
_ADCON1                  (abs)        000FC1
_ADCON2                  (abs)        000FC0
_ADRESH                  (abs)        000FC4
_ADRESL                  (abs)        000FC3
_Buffer_D1               bssBANK0     0000C4
_Buffer_D2               bssBANK0     0000BC
_Buffer_D3               bssBANK0     0000B4
_Buffer_D4               bssBANK0     0000AC
_D1                      bssBANK0     000098
_D2                      bssBANK0     000096
_D3                      bssBANK0     000094
_D4                      bssBANK0     000092
_OSCCON                  (abs)        000FD3
_OSCTUNE                 (abs)        000F9B
_PORTBbits               (abs)        000F81
_PORTC                   (abs)        000F82
_PORTCbits               (abs)        000F82
_PORTD                   (abs)        000F83
_PORTDbits               (abs)        000F83
_PORTEbits               (abs)        000F84
_TRISB                   (abs)        000F93
_TRISC                   (abs)        000F94
_TRISD                   (abs)        000F95
_TRISEbits               (abs)        000F96
_VdigADC_AN0             bssBANK0     00009A
_VdigBuffer              bssBANK0     00009C
_VoltageBuffer           bssBANK1     000150
_Voltage_AN0             bssBANK0     000088
__HRAM                   (abs)        000000
__Habs1                  abs1         000000
__Hbank0                 bank0        000000
__Hbank1                 bank1        000000
__Hbank2                 bank2        000000
__Hbank3                 bank3        000000
__Hbank4                 bank4        000000
__Hbank5                 bank5        000000
__Hbigbss                bigbss       000000
__Hbigdata               bigdata      000000
__Hbigram                bigram       000000
__Hbigsfr                bigsfr       000000
__Hbss                   bss          000000
__HbssBANK0              bssBANK0     000000
__HbssBANK1              bssBANK1     000000
__HbssCOMRAM             bssCOMRAM    000000
__Hcinit                 cinit        000000
__Hclrtext               clrtext      000000
__Hcomram                comram       000000
__Hconfig                config       30000E
__Hconst                 const        000000
__HcstackBANK0           cstackBANK0  000000
__HcstackCOMRAM          cstackCOMRAM 000000
__Hdata                  data         000000
__Heeprom_data           eeprom_data  000000
__Hfarbss                farbss       000000
__Hfardata               fardata      000000
__Hheap                  heap         000000
__Hibigdata              ibigdata     000000
__Hidata                 idata        000000
__Hidloc                 idloc        200008
__Hifardata              ifardata     000000
__Hinit                  init         000004
__Hintcode               intcode      000000
__Hintcode_body          intcode_body 000000
__Hintcodelo             intcodelo    000000
__Hintentry              intentry     000000
__Hintret                intret       000000
__Hintsave_regs          intsave_regs 000000
__Hirdata                irdata       000000
__Hmediumconst           mediumconst  000000
__HnvFARRAM              nvFARRAM     000000
__Hnvbit                 nvbit        000000
__Hnvrram                nvrram       000000
__Hparam                 rparam       000000
__Hpowerup               powerup      000000
__Hram                   ram          000000
__Hramtop                ramtop       000600
__Hrbit                  rbit         000000
__Hrbss                  rbss         000000
__Hrdata                 rdata        000000
__Hreset_vec             reset_vec    000000
__Hrparam                rparam       000000
__Hsfr                   sfr          000000
__Hsmallconst            smallconst   000678
__Hspace_0               (abs)        00436A
__Hspace_1               (abs)        000160
__Hspace_2               (abs)        000000
__Hspace_4               (abs)        60000E
__Hstack                 stack        000000
__Hstruct                struct       000000
__Htemp                  temp         000000
__Htext                  text         000000
__Htext0                 text0        000000
__Htext1                 text1        000000
__Htext10                text10       000000
__Htext11                text11       000000
__Htext12                text12       000000
__Htext13                text13       000000
__Htext14                text14       000000
__Htext15                text15       000000
__Htext16                text16       000000
__Htext17                text17       000000
__Htext18                text18       000000
__Htext19                text19       000000
__Htext2                 text2        000000
__Htext20                text20       000000
__Htext21                text21       000000
__Htext22                text22       000000
__Htext23                text23       000000
__Htext24                text24       000000
__Htext25                text25       000000
__Htext26                text26       000000
__Htext27                text27       000000
__Htext28                text28       000000
__Htext29                text29       000000
__Htext3                 text3        000000
__Htext30                text30       000000
__Htext31                text31       000000
__Htext32                text32       000000
__Htext33                text33       000000
__Htext34                text34       000000
__Htext35                text35       000000
__Htext36                text36       000000
__Htext37                text37       000000
__Htext38                text38       000000
__Htext39                text39       000000
__Htext4                 text4        000000
__Htext40                text40       000000
__Htext41                text41       000000
__Htext42                text42       000000
__Htext43                text43       000000
__Htext44                text44       000000
__Htext45                text45       000000
__Htext46                text46       000000
__Htext47                text47       000000
__Htext5                 text5        000000
__Htext6                 text6        000000
__Htext7                 text7        000000
__Htext8                 text8        000000
__Htext9                 text9        000000
__LRAM                   (abs)        000001
__Labs1                  abs1         000000
__Lbank0                 bank0        000000
__Lbank1                 bank1        000000
__Lbank2                 bank2        000000
__Lbank3                 bank3        000000
__Lbank4                 bank4        000000
__Lbank5                 bank5        000000
__Lbigbss                bigbss       000000
__Lbigdata               bigdata      000000
__Lbigram                bigram       000000
__Lbigsfr                bigsfr       000000
__Lbss                   bss          000000
__LbssBANK0              bssBANK0     000000
__LbssBANK1              bssBANK1     000000
__LbssCOMRAM             bssCOMRAM    000000
__Lcinit                 cinit        000000
__Lclrtext               clrtext      000000
__Lcomram                comram       000000
__Lconfig                config       000000
__Lconst                 const        000000
__LcstackBANK0           cstackBANK0  000000
__LcstackCOMRAM          cstackCOMRAM 000000
__Ldata                  data         000000
__Leeprom_data           eeprom_data  000000
__Lfarbss                farbss       000000
__Lfardata               fardata      000000
__Lheap                  heap         000000
__Libigdata              ibigdata     000000
__Lidata                 idata        000000
__Lidloc                 idloc        000000
__Lifardata              ifardata     000000
__Linit                  init         000000
__Lintcode               intcode      000000
__Lintcode_body          intcode_body 000000
__Lintcodelo             intcodelo    000000
__Lintentry              intentry     000000
__Lintret                intret       000000
__Lintsave_regs          intsave_regs 000000
__Lirdata                irdata       000000
__Lmediumconst           mediumconst  000000
__LnvFARRAM              nvFARRAM     000000
__Lnvbit                 nvbit        000000
__Lnvrram                nvrram       000000
__Lparam                 rparam       000000
__Lpowerup               powerup      000000
__Lram                   ram          000000
__Lramtop                ramtop       000600
__Lrbit                  rbit         000000
__Lrbss                  rbss         000000
__Lrdata                 rdata        000000
__Lreset_vec             reset_vec    000000
__Lrparam                rparam       000000
__Lsfr                   sfr          000000
__Lsmallconst            smallconst   000600
__Lspace_0               (abs)        000000
__Lspace_1               (abs)        000000
__Lspace_2               (abs)        000000
__Lspace_4               (abs)        000000
__Lstack                 stack        000000
__Lstruct                struct       000000
__Ltemp                  temp         000000
__Ltext                  text         000000
__Ltext0                 text0        000000
__Ltext1                 text1        000000
__Ltext10                text10       000000
__Ltext11                text11       000000
__Ltext12                text12       000000
__Ltext13                text13       000000
__Ltext14                text14       000000
__Ltext15                text15       000000
__Ltext16                text16       000000
__Ltext17                text17       000000
__Ltext18                text18       000000
__Ltext19                text19       000000
__Ltext2                 text2        000000
__Ltext20                text20       000000
__Ltext21                text21       000000
__Ltext22                text22       000000
__Ltext23                text23       000000
__Ltext24                text24       000000
__Ltext25                text25       000000
__Ltext26                text26       000000
__Ltext27                text27       000000
__Ltext28                text28       000000
__Ltext29                text29       000000
__Ltext3                 text3        000000
__Ltext30                text30       000000
__Ltext31                text31       000000
__Ltext32                text32       000000
__Ltext33                text33       000000
__Ltext34                text34       000000
__Ltext35                text35       000000
__Ltext36                text36       000000
__Ltext37                text37       000000
__Ltext38                text38       000000
__Ltext39                text39       000000
__Ltext4                 text4        000000
__Ltext40                text40       000000
__Ltext41                text41       000000
__Ltext42                text42       000000
__Ltext43                text43       000000
__Ltext44                text44       000000
__Ltext45                text45       000000
__Ltext46                text46       000000
__Ltext47                text47       000000
__Ltext5                 text5        000000
__Ltext6                 text6        000000
__Ltext7                 text7        000000
__Ltext8                 text8        000000
__Ltext9                 text9        000000
__S0                     (abs)        00436A
__S1                     (abs)        000160
__S4                     (abs)        000000
__S5                     (abs)        000000
___aodiv                 text33       002F10
___aodiv@counter         cstackCOMRAM 000011
___aodiv@dividend        cstackCOMRAM 000001
___aodiv@divisor         cstackCOMRAM 000009
___aodiv@quotient        cstackCOMRAM 000013
___aodiv@sign            cstackCOMRAM 000012
___aomod                 text32       003098
___aomod@counter         cstackCOMRAM 000011
___aomod@dividend        cstackCOMRAM 000001
___aomod@divisor         cstackCOMRAM 000009
___aomod@sign            cstackCOMRAM 000012
___awdiv                 text24       0039E8
___awdiv@counter         cstackCOMRAM 000005
___awdiv@dividend        cstackCOMRAM 000001
___awdiv@divisor         cstackCOMRAM 000003
___awdiv@quotient        cstackCOMRAM 000007
___awdiv@sign            cstackCOMRAM 000006
___awmod                 text23       003B6E
___awmod@counter         cstackCOMRAM 000005
___awmod@dividend        cstackCOMRAM 000001
___awmod@divisor         cstackCOMRAM 000003
___awmod@sign            cstackCOMRAM 000006
___fladd                 text18       0018FA
___fladd@a               cstackCOMRAM 000005
___fladd@aexp            cstackCOMRAM 00000E
___fladd@b               cstackCOMRAM 000001
___fladd@bexp            cstackCOMRAM 00000F
___fladd@grs             cstackCOMRAM 000010
___fladd@signs           cstackCOMRAM 00000D
___fldiv                 text22       0021E4
___fldiv@a               cstackCOMRAM 000005
___fldiv@aexp            cstackCOMRAM 000019
___fldiv@b               cstackCOMRAM 000001
___fldiv@bexp            cstackCOMRAM 000018
___fldiv@grs             cstackCOMRAM 000014
___fldiv@new_exp         cstackCOMRAM 000012
___fldiv@rem             cstackCOMRAM 00000D
___fldiv@sign            cstackCOMRAM 000011
___fleq                  text21       003C1E
___fleq@ff1              cstackCOMRAM 000001
___fleq@ff2              cstackCOMRAM 000005
___flge                  text20       003562
___flge@ff1              cstackCOMRAM 000028
___flge@ff2              cstackCOMRAM 00002C
___flmul                 text44       001DBA
___flmul@a               cstackCOMRAM 000013
___flmul@aexp            cstackCOMRAM 000020
___flmul@b               cstackCOMRAM 00000F
___flmul@bexp            cstackCOMRAM 000021
___flmul@grs             cstackCOMRAM 00001C
___flmul@prod            cstackCOMRAM 000022
___flmul@sign            cstackCOMRAM 00001B
___flmul@temp            cstackCOMRAM 000026
___flneg                 text19       0041EE
___flneg@f1              cstackCOMRAM 000001
___flsub                 text17       0040AE
___flsub@a               cstackCOMRAM 00002C
___flsub@b               cstackCOMRAM 000028
___fltol                 text16       00345C
___fltol@exp1            cstackCOMRAM 00000A
___fltol@f1              cstackCOMRAM 000001
___fltol@sign1           cstackCOMRAM 000009
___fpclassifyf           text15       003666
___fpclassifyf@F465      bssBANK0     000084
___fpclassifyf@e         cstackCOMRAM 000009
___fpclassifyf@u         cstackCOMRAM 00000B
___fpclassifyf@x         cstackCOMRAM 000001
___heap_hi               (abs)        000000
___heap_lo               (abs)        000000
___inthi_sp              stack        000000
___intlo_sp              stack        000000
___param_bank            (abs)        000000
___rparam_used           (abs)        000001
___sp                    stack        000000
___wmul                  text37       0042E0
___wmul@multiplicand     cstackCOMRAM 000003
___wmul@multiplier       cstackCOMRAM 000001
___wmul@product          cstackCOMRAM 000005
___xxtofl                text43       002D5C
___xxtofl@arg            cstackCOMRAM 00000B
___xxtofl@exp            cstackCOMRAM 00000A
___xxtofl@sign           cstackCOMRAM 000009
___xxtofl@val            cstackCOMRAM 000001
__accesstop              (abs)        000080
__activetblptr           (abs)        000002
__end_of___aodiv         text33       003098
__end_of___aomod         text32       0031FC
__end_of___awdiv         text24       003AAC
__end_of___awmod         text23       003C1E
__end_of___fladd         text18       001DBA
__end_of___fldiv         text22       00257E
__end_of___fleq          text21       003CC8
__end_of___flge          text20       003666
__end_of___flmul         text44       0021E4
__end_of___flneg         text19       004226
__end_of___flsub         text17       0040F4
__end_of___fltol         text16       003562
__end_of___fpclassifyf   text15       003764
__end_of___wmul          text37       004306
__end_of___xxtofl        text43       002F10
__end_of__initialization cinit        0042B0
__end_of_abs             text31       004178
__end_of_atoi            text34       003352
__end_of_config_ADC      text47       004352
__end_of_config_FOSC     text46       004368
__end_of_config_IO       text45       00435E
__end_of_conv_AN0        text42       003F06
__end_of_dtoa            text25       002B4A
__end_of_efgtoa          text10       001262
__end_of_floorf          text14       002D5C
__end_of_fputc           text29       0039E8
__end_of_fputs           text28       004138
__end_of_isdigit         text36       00425E
__end_of_isspace         text35       004068
__end_of_isupper         text12       0041EE
__end_of_lcd_LEDS        text5        00345C
__end_of_lcd_SENSOR      text4        003E94
__end_of_lcd_clear       text3        0042E0
__end_of_lcd_cmd         text40       003848
__end_of_lcd_init        text2        003E06
__end_of_lcd_send_byte   text39       004344
__end_of_lcd_write       text38       003D68
__end_of_logic_CONTROL   text1        00286A
__end_of_main            text0        0041B6
__end_of_pad             text26       003B6E
__end_of_putch           text30       00436A
__end_of_set_bit         text41       004326
__end_of_sprintf         text6        004016
__end_of_strcpy          text13       003FC4
__end_of_strlen          text27       004294
__end_of_strncmp         text9        00391E
__end_of_tolower         text11       0040AE
__end_of_vfpfcnvrt       text8        0018FA
__end_of_vfprintf        text7        003F68
__initialization         cinit        004294
__mediumconst            mediumconst  000000
__pbssBANK0              bssBANK0     000080
__pbssBANK1              bssBANK1     000100
__pbssCOMRAM             bssCOMRAM    00007E
__pcinit                 cinit        004294
__pcstackBANK0           cstackBANK0  0000CC
__pcstackCOMRAM          cstackCOMRAM 000001
__psmallconst            smallconst   000600
__ptext0                 text0        004178
__ptext1                 text1        00257E
__ptext10                text10       000678
__ptext11                text11       004068
__ptext12                text12       0041B6
__ptext13                text13       003F68
__ptext14                text14       002B4A
__ptext15                text15       003666
__ptext16                text16       00345C
__ptext17                text17       0040AE
__ptext18                text18       0018FA
__ptext19                text19       0041EE
__ptext2                 text2        003D68
__ptext20                text20       003562
__ptext21                text21       003C1E
__ptext22                text22       0021E4
__ptext23                text23       003B6E
__ptext24                text24       0039E8
__ptext25                text25       00286A
__ptext26                text26       003AAC
__ptext27                text27       00425E
__ptext28                text28       0040F4
__ptext29                text29       00391E
__ptext3                 text3        0042BA
__ptext30                text30       004368
__ptext31                text31       004138
__ptext32                text32       003098
__ptext33                text33       002F10
__ptext34                text34       0031FC
__ptext35                text35       004016
__ptext36                text36       004226
__ptext37                text37       0042E0
__ptext38                text38       003CC8
__ptext39                text39       004326
__ptext4                 text4        003E06
__ptext40                text40       003764
__ptext41                text41       004306
__ptext42                text42       003E94
__ptext43                text43       002D5C
__ptext44                text44       001DBA
__ptext45                text45       004352
__ptext46                text46       00435E
__ptext47                text47       004344
__ptext5                 text5        003352
__ptext6                 text6        003FC4
__ptext7                 text7        003F06
__ptext8                 text8        001262
__ptext9                 text9        003848
__ramtop                 ramtop       000600
__smallconst             smallconst   000600
_abs                     text31       004138
_atoi                    text34       0031FC
_config_ADC              text47       004344
_config_FOSC             text46       00435E
_config_IO               text45       004352
_conv_AN0                text42       003E94
_dbuf                    bssBANK1     000100
_dtoa                    text25       00286A
_dtoa$1138               cstackCOMRAM 00002E
_efgtoa                  text10       000678
_efgtoa$1162             cstackCOMRAM 000040
_efgtoa$1169             cstackCOMRAM 000042
_efgtoa$1170             cstackCOMRAM 000044
_flags                   bssCOMRAM    00007E
_floorf                  text14       002B4A
_fputc                   text29       00391E
_fputs                   text28       0040F4
_isdigit                 text36       004226
_isspace                 text35       004016
_isspace$1251            cstackCOMRAM 000007
_isupper                 text12       0041B6
_lcd_LEDS                text5        003352
_lcd_SENSOR              text4        003E06
_lcd_clear               text3        0042BA
_lcd_cmd                 text40       003764
_lcd_init                text2        003D68
_lcd_send_byte           text39       004326
_lcd_write               text38       003CC8
_logic_CONTROL           text1        00257E
_main                    text0        004178
_nout                    bssBANK0     00008C
_pad                     text26       003AAC
_prec                    bssBANK0     000090
_putch                   text30       004368
_set_bit                 text41       004306
_sprintf                 text6        003FC4
_strcpy                  text13       003F68
_strlen                  text27       00425E
_strncmp                 text9        003848
_tolower                 text11       004068
_vfpfcnvrt               text8        001262
_vfprintf                text7        003F06
_width                   bssBANK0     00008E
abs@a                    cstackCOMRAM 000013
atoi@n                   cstackCOMRAM 000010
atoi@neg                 cstackCOMRAM 00000E
atoi@s                   cstackCOMRAM 000008
dtoa@d                   cstackCOMRAM 00001E
dtoa@fp                  cstackCOMRAM 00001C
dtoa@i                   cstackCOMRAM 00003E
dtoa@n                   cstackCOMRAM 000036
dtoa@p                   cstackCOMRAM 000030
dtoa@s                   cstackCOMRAM 000034
dtoa@w                   cstackCOMRAM 000032
efgtoa@c                 cstackCOMRAM 00003A
efgtoa@d                 cstackCOMRAM 000052
efgtoa@e                 cstackCOMRAM 00006A
efgtoa@f                 cstackCOMRAM 000036
efgtoa@fp                cstackCOMRAM 000034
efgtoa@g                 cstackCOMRAM 000066
efgtoa@h                 cstackCOMRAM 00005C
efgtoa@i                 cstackCOMRAM 000064
efgtoa@l                 cstackCOMRAM 000060
efgtoa@m                 cstackCOMRAM 00004C
efgtoa@mode              cstackCOMRAM 00005B
efgtoa@n                 cstackCOMRAM 00006C
efgtoa@ne                cstackCOMRAM 00004A
efgtoa@nmode             cstackCOMRAM 00005A
efgtoa@ou                cstackCOMRAM 00004E
efgtoa@p                 cstackCOMRAM 000056
efgtoa@pp                cstackCOMRAM 000048
efgtoa@sign              cstackCOMRAM 000054
efgtoa@t                 cstackCOMRAM 000046
efgtoa@u                 cstackCOMRAM 00006E
efgtoa@w                 cstackCOMRAM 000058
end_of_initialization    cinit        0042B0
floorf@F526              bssBANK0     000080
floorf@e                 cstackCOMRAM 000028
floorf@m                 cstackCOMRAM 000024
floorf@u                 cstackCOMRAM 00002A
floorf@x                 cstackCOMRAM 00001A
fputc@c                  cstackCOMRAM 000001
fputc@fp                 cstackCOMRAM 000003
fputs@c                  cstackCOMRAM 00000E
fputs@fp                 cstackCOMRAM 00000C
fputs@i                  cstackCOMRAM 00000F
fputs@s                  cstackCOMRAM 00000A
intlevel0                text         000000
intlevel1                text         000000
intlevel2                text         000000
intlevel3                text         000000
isa$std                  (abs)        000001
isa$xinst                (abs)        000000
isdigit@c                cstackCOMRAM 000001
isspace@c                cstackCOMRAM 000001
isupper@c                cstackCOMRAM 000001
lcd_cmd@cmd              cstackCOMRAM 000004
lcd_init@i               cstackCOMRAM 000006
lcd_send_byte@data       cstackCOMRAM 000005
lcd_send_byte@level      cstackCOMRAM 000006
lcd_write@col            cstackCOMRAM 000007
lcd_write@end            cstackCOMRAM 00000A
lcd_write@lin            cstackCOMRAM 00000B
lcd_write@str            cstackCOMRAM 000008
pad@buf                  cstackCOMRAM 000013
pad@fp                   cstackCOMRAM 000011
pad@i                    cstackCOMRAM 000018
pad@p                    cstackCOMRAM 000015
pad@w                    cstackCOMRAM 00001A
set_bit@cmd              cstackCOMRAM 000002
set_bit@comp             cstackCOMRAM 000001
sprintf@ap               cstackBANK0  0000EC
sprintf@f                cstackBANK0  0000EE
sprintf@fmt              cstackBANK0  0000E6
sprintf@s                cstackBANK0  0000E4
stackhi                  (abs)        000000
stacklo                  (abs)        000000
start                    init         000000
start_initialization     cinit        004294
strcpy@d                 cstackCOMRAM 000009
strcpy@dest              cstackCOMRAM 000001
strcpy@s                 cstackCOMRAM 000007
strcpy@src               cstackCOMRAM 000003
strlen@a                 cstackCOMRAM 000003
strlen@s                 cstackCOMRAM 000001
strncmp@_l               cstackCOMRAM 000001
strncmp@_r               cstackCOMRAM 000003
strncmp@l                cstackCOMRAM 000008
strncmp@n                cstackCOMRAM 000005
strncmp@r                cstackCOMRAM 00000A
tolower@c                cstackCOMRAM 000007
vfpfcnvrt@ap             cstackCOMRAM 000076
vfpfcnvrt@c              cstackBANK0  0000DD
vfpfcnvrt@ct             cstackBANK0  0000DA
vfpfcnvrt@done           cstackBANK0  0000D4
vfpfcnvrt@f              cstackBANK0  0000D6
vfpfcnvrt@fmt            cstackCOMRAM 000074
vfpfcnvrt@fp             cstackCOMRAM 000072
vfpfcnvrt@ll             cstackBANK0  0000CC
vfprintf@ap              cstackBANK0  0000E2
vfprintf@cfmt            cstackCOMRAM 00007C
vfprintf@fmt             cstackBANK0  0000E0
vfprintf@fp              cstackBANK0  0000DE


MODULE INFORMATION

Module		Function		Class		Link	Load	Size
C:\Program Files\Microchip\xc8\v2.36\pic\sources\c99\common\putch.c
		_putch         		CODE           	4368	0000	2

C:\Program Files\Microchip\xc8\v2.36\pic\sources\c99\common\putch.c estimated size: 2

C:\Program Files\Microchip\xc8\v2.36\pic\sources\c99\common\nf_fputs.c
		_fputs         		CODE           	40F4	0000	68

C:\Program Files\Microchip\xc8\v2.36\pic\sources\c99\common\nf_fputs.c estimated size: 68

C:\Program Files\Microchip\xc8\v2.36\pic\sources\c99\common\aomod.c
		___aomod       		CODE           	3098	0000	356

C:\Program Files\Microchip\xc8\v2.36\pic\sources\c99\common\aomod.c estimated size: 356

C:\Program Files\Microchip\xc8\v2.36\pic\sources\c99\common\strncmp.c
		_strncmp       		CODE           	3848	0000	214

C:\Program Files\Microchip\xc8\v2.36\pic\sources\c99\common\strncmp.c estimated size: 214

C:\Program Files\Microchip\xc8\v2.36\pic\sources\c99\common\tolower.c
		_tolower       		CODE           	4068	0000	70

C:\Program Files\Microchip\xc8\v2.36\pic\sources\c99\common\tolower.c estimated size: 70

C:\Program Files\Microchip\xc8\v2.36\pic\sources\c99\common\__fpclassifyf.c
		___fpclassifyf 		CODE           	3666	0000	254

C:\Program Files\Microchip\xc8\v2.36\pic\sources\c99\common\__fpclassifyf.c estimated size: 254

C:\Program Files\Microchip\xc8\v2.36\pic\sources\c99\common\sprcmul.c
		___flmul       		CODE           	1DBA	0000	1066

C:\Program Files\Microchip\xc8\v2.36\pic\sources\c99\common\sprcmul.c estimated size: 1066

C:\Program Files\Microchip\xc8\v2.36\pic\sources\c99\common\floorf.c
		_floorf        		CODE           	2B4A	0000	530

C:\Program Files\Microchip\xc8\v2.36\pic\sources\c99\common\floorf.c estimated size: 530

C:\Program Files\Microchip\xc8\v2.36\pic\sources\c99\common\sprcdiv.c
		___fldiv       		CODE           	21E4	0000	922

C:\Program Files\Microchip\xc8\v2.36\pic\sources\c99\common\sprcdiv.c estimated size: 922

C:\Program Files\Microchip\xc8\v2.36\pic\sources\c99\common\atoi.c
		_atoi          		CODE           	31FC	0000	342

C:\Program Files\Microchip\xc8\v2.36\pic\sources\c99\common\atoi.c estimated size: 342

C:\Program Files\Microchip\xc8\v2.36\pic\sources\c99\common\fleq.c
		___fleq        		CODE           	3C1E	0000	170

C:\Program Files\Microchip\xc8\v2.36\pic\sources\c99\common\fleq.c estimated size: 170

C:\Program Files\Microchip\xc8\v2.36\pic\sources\c99\common\awmod.c
		___awmod       		CODE           	3B6E	0000	176

C:\Program Files\Microchip\xc8\v2.36\pic\sources\c99\common\awmod.c estimated size: 176

C:\Program Files\Microchip\xc8\v2.36\pic\sources\c99\common\nf_sprintf.c
		_sprintf       		CODE           	3FC4	0000	82

C:\Program Files\Microchip\xc8\v2.36\pic\sources\c99\common\nf_sprintf.c estimated size: 82

C:\Program Files\Microchip\xc8\v2.36\pic\sources\c99\common\isspace.c
		_isspace       		CODE           	4016	0000	82

C:\Program Files\Microchip\xc8\v2.36\pic\sources\c99\common\isspace.c estimated size: 82

LCD4b_EXSTO.c
		_lcd_cmd       		CODE           	3764	0000	228
		_lcd_send_byte 		CODE           	4326	0000	30
		_set_bit       		CODE           	4306	0000	32
		_lcd_clear     		CODE           	42BA	0000	38
		_lcd_write     		CODE           	3CC8	0000	160
		_lcd_init      		CODE           	3D68	0000	158

LCD4b_EXSTO.c estimated size: 646

C:\Program Files\Microchip\xc8\v2.36\pic\sources\c99\common\xxtofl.c
		___xxtofl      		CODE           	2D5C	0000	436

C:\Program Files\Microchip\xc8\v2.36\pic\sources\c99\common\xxtofl.c estimated size: 436

C:\Program Files\Microchip\xc8\v2.36\pic\sources\c99\common\strlen.c
		_strlen        		CODE           	425E	0000	54

C:\Program Files\Microchip\xc8\v2.36\pic\sources\c99\common\strlen.c estimated size: 54

C:\Program Files\Microchip\xc8\v2.36\pic\sources\c99\common\strcpy.c
		_strcpy        		CODE           	3F68	0000	92

C:\Program Files\Microchip\xc8\v2.36\pic\sources\c99\common\strcpy.c estimated size: 92

C:\Program Files\Microchip\xc8\v2.36\pic\sources\c99\common\aodiv.c
		___aodiv       		CODE           	2F10	0000	392

C:\Program Files\Microchip\xc8\v2.36\pic\sources\c99\common\aodiv.c estimated size: 392

C:\Program Files\Microchip\xc8\v2.36\pic\sources\c99\common\nf_fputc.c
		_fputc         		CODE           	391E	0000	202

C:\Program Files\Microchip\xc8\v2.36\pic\sources\c99\common\nf_fputc.c estimated size: 202

C:\Program Files\Microchip\xc8\v2.36\pic\sources\c99\common\isdigit.c
		_isdigit       		CODE           	4226	0000	56

C:\Program Files\Microchip\xc8\v2.36\pic\sources\c99\common\isdigit.c estimated size: 56

C:\Program Files\Microchip\xc8\v2.36\pic\sources\c99\common\sprcadd.c
		___flsub       		CODE           	40AE	0000	70
		___fladd       		CODE           	18FA	0000	1216

C:\Program Files\Microchip\xc8\v2.36\pic\sources\c99\common\sprcadd.c estimated size: 1286

C:\Program Files\Microchip\xc8\v2.36\pic\sources\c99\common\awdiv.c
		___awdiv       		CODE           	39E8	0000	196

C:\Program Files\Microchip\xc8\v2.36\pic\sources\c99\common\awdiv.c estimated size: 196

C:\Program Files\Microchip\xc8\v2.36\pic\sources\c99\common\doprnt.c
		_vfpfcnvrt     		CODE           	1262	0000	1688
		_efgtoa        		CODE           	0678	0000	3050
		_pad           		CODE           	3AAC	0000	194
		_dtoa          		CODE           	286A	0000	736
		_vfprintf      		CODE           	3F06	0000	98

C:\Program Files\Microchip\xc8\v2.36\pic\sources\c99\common\doprnt.c estimated size: 5766

C:\Program Files\Microchip\xc8\v2.36\pic\sources\c99\common\fltol.c
		___fltol       		CODE           	345C	0000	262

C:\Program Files\Microchip\xc8\v2.36\pic\sources\c99\common\fltol.c estimated size: 262

shared
		__initialization		CODE           	4294	0000	28

shared estimated size: 28

C:\Program Files\Microchip\xc8\v2.36\pic\sources\c99\common\abs.c
		_abs           		CODE           	4138	0000	64

C:\Program Files\Microchip\xc8\v2.36\pic\sources\c99\common\abs.c estimated size: 64

C:\Program Files\Microchip\xc8\v2.36\pic\sources\c99\common\flge.c
		___flge        		CODE           	3562	0000	260

C:\Program Files\Microchip\xc8\v2.36\pic\sources\c99\common\flge.c estimated size: 260

Main_program_meter.c
		_main          		CODE           	4178	0000	62
		_lcd_LEDS      		CODE           	3352	0000	266
		_lcd_SENSOR    		CODE           	3E06	0000	142
		_conv_AN0      		CODE           	3E94	0000	114
		_config_IO     		CODE           	4352	0000	12
		_config_ADC    		CODE           	4344	0000	14
		_config_FOSC   		CODE           	435E	0000	10
		_logic_CONTROL 		CODE           	257E	0000	748

Main_program_meter.c estimated size: 1368

C:\Program Files\Microchip\xc8\v2.36\pic\sources\c99\common\Umul16.c
		___wmul        		CODE           	42E0	0000	38

C:\Program Files\Microchip\xc8\v2.36\pic\sources\c99\common\Umul16.c estimated size: 38

C:\Program Files\Microchip\xc8\v2.36\pic\sources\c99\common\flneg.c
		___flneg       		CODE           	41EE	0000	56

C:\Program Files\Microchip\xc8\v2.36\pic\sources\c99\common\flneg.c estimated size: 56

C:\Program Files\Microchip\xc8\v2.36\pic\sources\c99\common\isupper.c
		_isupper       		CODE           	41B6	0000	56

C:\Program Files\Microchip\xc8\v2.36\pic\sources\c99\common\isupper.c estimated size: 56

